------------------------------------------------------------
TimeQuest Timing Analyzer Summary
------------------------------------------------------------

Type  : Slow Model Setup 'PC:inst16|endereco_instrucao[0]'
Slack : -4.814
TNS   : -35.362

Type  : Slow Model Setup 'PC:inst16|endereco_instrucao[1]'
Slack : -4.228
TNS   : -40.680

Type  : Slow Model Setup 'Clock14'
Slack : -2.304
TNS   : -16.650

Type  : Slow Model Setup 'Clock'
Slack : -1.723
TNS   : -12.231

Type  : Slow Model Hold 'Clock14'
Slack : -5.219
TNS   : -39.046

Type  : Slow Model Hold 'PC:inst16|endereco_instrucao[1]'
Slack : -4.090
TNS   : -30.053

Type  : Slow Model Hold 'PC:inst16|endereco_instrucao[0]'
Slack : -4.004
TNS   : -27.854

Type  : Slow Model Hold 'Clock'
Slack : -2.092
TNS   : -3.778

Type  : Slow Model Recovery 'PC:inst16|endereco_instrucao[1]'
Slack : -0.208
TNS   : -1.032

Type  : Slow Model Recovery 'PC:inst16|endereco_instrucao[0]'
Slack : 0.206
TNS   : 0.000

Type  : Slow Model Recovery 'Clock14'
Slack : 1.421
TNS   : 0.000

Type  : Slow Model Removal 'Clock14'
Slack : -4.480
TNS   : -35.240

Type  : Slow Model Removal 'PC:inst16|endereco_instrucao[1]'
Slack : -3.359
TNS   : -26.240

Type  : Slow Model Removal 'PC:inst16|endereco_instrucao[0]'
Slack : -3.273
TNS   : -25.552

Type  : Slow Model Minimum Pulse Width 'Clock'
Slack : -1.380
TNS   : -15.380

Type  : Slow Model Minimum Pulse Width 'Clock14'
Slack : -1.380
TNS   : -10.380

Type  : Slow Model Minimum Pulse Width 'PC:inst16|endereco_instrucao[0]'
Slack : -0.500
TNS   : -8.000

Type  : Slow Model Minimum Pulse Width 'PC:inst16|endereco_instrucao[1]'
Slack : -0.500
TNS   : -8.000

Type  : Fast Model Setup 'PC:inst16|endereco_instrucao[0]'
Slack : -2.147
TNS   : -12.267

Type  : Fast Model Setup 'PC:inst16|endereco_instrucao[1]'
Slack : -1.625
TNS   : -16.543

Type  : Fast Model Setup 'Clock14'
Slack : -0.448
TNS   : -2.511

Type  : Fast Model Setup 'Clock'
Slack : -0.368
TNS   : -1.816

Type  : Fast Model Hold 'Clock14'
Slack : -2.983
TNS   : -22.950

Type  : Fast Model Hold 'PC:inst16|endereco_instrucao[1]'
Slack : -2.303
TNS   : -17.238

Type  : Fast Model Hold 'PC:inst16|endereco_instrucao[0]'
Slack : -2.261
TNS   : -16.215

Type  : Fast Model Hold 'Clock'
Slack : -1.372
TNS   : -2.575

Type  : Fast Model Recovery 'PC:inst16|endereco_instrucao[1]'
Slack : 0.216
TNS   : 0.000

Type  : Fast Model Recovery 'PC:inst16|endereco_instrucao[0]'
Slack : 0.674
TNS   : 0.000

Type  : Fast Model Recovery 'Clock14'
Slack : 1.396
TNS   : 0.000

Type  : Fast Model Removal 'Clock14'
Slack : -2.520
TNS   : -19.948

Type  : Fast Model Removal 'PC:inst16|endereco_instrucao[1]'
Slack : -1.843
TNS   : -14.520

Type  : Fast Model Removal 'PC:inst16|endereco_instrucao[0]'
Slack : -1.801
TNS   : -14.184

Type  : Fast Model Minimum Pulse Width 'Clock'
Slack : -1.380
TNS   : -15.380

Type  : Fast Model Minimum Pulse Width 'Clock14'
Slack : -1.380
TNS   : -10.380

Type  : Fast Model Minimum Pulse Width 'PC:inst16|endereco_instrucao[0]'
Slack : -0.500
TNS   : -8.000

Type  : Fast Model Minimum Pulse Width 'PC:inst16|endereco_instrucao[1]'
Slack : -0.500
TNS   : -8.000

------------------------------------------------------------
